Archive member included to satisfy reference by file (symbol)

e:/mounriver_studio2/resources/app/resources/win32/components/wch/toolchain/risc-v embedded gcc/bin/../lib/gcc/riscv-none-embed/8.2.0/rv32imacxw/ilp32\libgcc.a(save-restore.o)
                              ./User/main.o (__riscv_save_9)
e:/mounriver_studio2/resources/app/resources/win32/components/wch/toolchain/risc-v embedded gcc/bin/../lib/gcc/riscv-none-embed/8.2.0/../../../../riscv-none-embed/lib/rv32imacxw/ilp32\libg_nano.a(lib_a-memcpy.o)
                              ./User/ch32v30x_usbhs_device.o (memcpy)
e:/mounriver_studio2/resources/app/resources/win32/components/wch/toolchain/risc-v embedded gcc/bin/../lib/gcc/riscv-none-embed/8.2.0/../../../../riscv-none-embed/lib/rv32imacxw/ilp32\libg_nano.a(lib_a-memset.o)
                              ./User/adc.o (memset)
e:/mounriver_studio2/resources/app/resources/win32/components/wch/toolchain/risc-v embedded gcc/bin/../lib/gcc/riscv-none-embed/8.2.0/../../../../riscv-none-embed/lib/rv32imacxw/ilp32\libg_nano.a(lib_a-printf.o)
                              ./User/main.o (printf)
e:/mounriver_studio2/resources/app/resources/win32/components/wch/toolchain/risc-v embedded gcc/bin/../lib/gcc/riscv-none-embed/8.2.0/../../../../riscv-none-embed/lib/rv32imacxw/ilp32\libg_nano.a(lib_a-puts.o)
                              ./User/main.o (puts)
e:/mounriver_studio2/resources/app/resources/win32/components/wch/toolchain/risc-v embedded gcc/bin/../lib/gcc/riscv-none-embed/8.2.0/../../../../riscv-none-embed/lib/rv32imacxw/ilp32\libg_nano.a(lib_a-wbuf.o)
                              e:/mounriver_studio2/resources/app/resources/win32/components/wch/toolchain/risc-v embedded gcc/bin/../lib/gcc/riscv-none-embed/8.2.0/../../../../riscv-none-embed/lib/rv32imacxw/ilp32\libg_nano.a(lib_a-puts.o) (__swbuf_r)
e:/mounriver_studio2/resources/app/resources/win32/components/wch/toolchain/risc-v embedded gcc/bin/../lib/gcc/riscv-none-embed/8.2.0/../../../../riscv-none-embed/lib/rv32imacxw/ilp32\libg_nano.a(lib_a-wsetup.o)
                              e:/mounriver_studio2/resources/app/resources/win32/components/wch/toolchain/risc-v embedded gcc/bin/../lib/gcc/riscv-none-embed/8.2.0/../../../../riscv-none-embed/lib/rv32imacxw/ilp32\libg_nano.a(lib_a-puts.o) (__swsetup_r)
e:/mounriver_studio2/resources/app/resources/win32/components/wch/toolchain/risc-v embedded gcc/bin/../lib/gcc/riscv-none-embed/8.2.0/../../../../riscv-none-embed/lib/rv32imacxw/ilp32\libg_nano.a(lib_a-fflush.o)
                              e:/mounriver_studio2/resources/app/resources/win32/components/wch/toolchain/risc-v embedded gcc/bin/../lib/gcc/riscv-none-embed/8.2.0/../../../../riscv-none-embed/lib/rv32imacxw/ilp32\libg_nano.a(lib_a-wbuf.o) (_fflush_r)
e:/mounriver_studio2/resources/app/resources/win32/components/wch/toolchain/risc-v embedded gcc/bin/../lib/gcc/riscv-none-embed/8.2.0/../../../../riscv-none-embed/lib/rv32imacxw/ilp32\libg_nano.a(lib_a-findfp.o)
                              e:/mounriver_studio2/resources/app/resources/win32/components/wch/toolchain/risc-v embedded gcc/bin/../lib/gcc/riscv-none-embed/8.2.0/../../../../riscv-none-embed/lib/rv32imacxw/ilp32\libg_nano.a(lib_a-printf.o) (__sinit)
e:/mounriver_studio2/resources/app/resources/win32/components/wch/toolchain/risc-v embedded gcc/bin/../lib/gcc/riscv-none-embed/8.2.0/../../../../riscv-none-embed/lib/rv32imacxw/ilp32\libg_nano.a(lib_a-fwalk.o)
                              e:/mounriver_studio2/resources/app/resources/win32/components/wch/toolchain/risc-v embedded gcc/bin/../lib/gcc/riscv-none-embed/8.2.0/../../../../riscv-none-embed/lib/rv32imacxw/ilp32\libg_nano.a(lib_a-findfp.o) (_fwalk)
e:/mounriver_studio2/resources/app/resources/win32/components/wch/toolchain/risc-v embedded gcc/bin/../lib/gcc/riscv-none-embed/8.2.0/../../../../riscv-none-embed/lib/rv32imacxw/ilp32\libg_nano.a(lib_a-impure.o)
                              e:/mounriver_studio2/resources/app/resources/win32/components/wch/toolchain/risc-v embedded gcc/bin/../lib/gcc/riscv-none-embed/8.2.0/../../../../riscv-none-embed/lib/rv32imacxw/ilp32\libg_nano.a(lib_a-fflush.o) (_global_impure_ptr)
e:/mounriver_studio2/resources/app/resources/win32/components/wch/toolchain/risc-v embedded gcc/bin/../lib/gcc/riscv-none-embed/8.2.0/../../../../riscv-none-embed/lib/rv32imacxw/ilp32\libg_nano.a(lib_a-makebuf.o)
                              e:/mounriver_studio2/resources/app/resources/win32/components/wch/toolchain/risc-v embedded gcc/bin/../lib/gcc/riscv-none-embed/8.2.0/../../../../riscv-none-embed/lib/rv32imacxw/ilp32\libg_nano.a(lib_a-wsetup.o) (__smakebuf_r)
e:/mounriver_studio2/resources/app/resources/win32/components/wch/toolchain/risc-v embedded gcc/bin/../lib/gcc/riscv-none-embed/8.2.0/../../../../riscv-none-embed/lib/rv32imacxw/ilp32\libg_nano.a(lib_a-nano-freer.o)
[...]
Memory Configuration

Name             Origin             Length             Attributes
FLASH            0x0000000000000000 0x0000000000048000 xr
RAM              0x0000000020000000 0x0000000000008000 xrw
*default*        0x0000000000000000 0xffffffffffffffff

Linker script and memory map

LOAD ./User/adc.o
LOAD ./User/ch32v30x_it.o
LOAD ./User/ch32v30x_usbhs_device.o
LOAD ./User/dma.o
LOAD ./User/main.o
LOAD ./User/system_ch32v30x.o
LOAD ./User/usb_desc.o
LOAD ./Startup/startup_ch32v30x_D8C.o
LOAD ./Peripheral/src/ch32v30x_adc.o
LOAD ./Peripheral/src/ch32v30x_bkp.o
LOAD ./Peripheral/src/ch32v30x_can.o
LOAD ./Peripheral/src/ch32v30x_crc.o
LOAD ./Peripheral/src/ch32v30x_dac.o
LOAD ./Peripheral/src/ch32v30x_dbgmcu.o
LOAD ./Peripheral/src/ch32v30x_dma.o
LOAD ./Peripheral/src/ch32v30x_dvp.o
LOAD ./Peripheral/src/ch32v30x_eth.o
LOAD ./Peripheral/src/ch32v30x_exti.o
LOAD ./Peripheral/src/ch32v30x_flash.o
LOAD ./Peripheral/src/ch32v30x_fsmc.o
LOAD ./Peripheral/src/ch32v30x_gpio.o
LOAD ./Peripheral/src/ch32v30x_i2c.o
LOAD ./Peripheral/src/ch32v30x_iwdg.o
LOAD ./Peripheral/src/ch32v30x_misc.o
LOAD ./Peripheral/src/ch32v30x_opa.o
LOAD ./Peripheral/src/ch32v30x_pwr.o
LOAD ./Peripheral/src/ch32v30x_rcc.o
LOAD ./Peripheral/src/ch32v30x_rng.o
LOAD ./Peripheral/src/ch32v30x_rtc.o
LOAD ./Peripheral/src/ch32v30x_sdio.o
LOAD ./Peripheral/src/ch32v30x_spi.o
LOAD ./Peripheral/src/ch32v30x_tim.o
LOAD ./Peripheral/src/ch32v30x_usart.o
LOAD ./Peripheral/src/ch32v30x_wwdg.o
LOAD ./Debug/debug.o
LOAD ./Core/core_riscv.o
LOAD e:/mounriver_studio2/resources/app/resources/win32/components/wch/toolchain/risc-v embedded gcc/bin/../lib/gcc/riscv-none-embed/8.2.0/../../../../riscv-none-embed/lib/rv32imacxw/ilp32\libm.a
LOAD e:/mounriver_studio2/resources/app/resources/win32/components/wch/toolchain/risc-v embedded gcc/bin/../lib/gcc/riscv-none-embed/8.2.0/rv32imacxw/ilp32\libgcc.a
LOAD e:/mounriver_studio2/resources/app/resources/win32/components/wch/toolchain/risc-v embedded gcc/bin/../lib/gcc/riscv-none-embed/8.2.0/../../../../riscv-none-embed/lib/rv32imacxw/ilp32\libg_nano.a
LOAD e:/mounriver_studio2/resources/app/resources/win32/components/wch/toolchain/risc-v embedded gcc/bin/../lib/gcc/riscv-none-embed/8.2.0/../../../../riscv-none-embed/lib/rv32imacxw/ilp32\libc_nano.a
LOAD e:/mounriver_studio2/resources/app/resources/win32/components/wch/toolchain/risc-v embedded gcc/bin/../lib/gcc/riscv-none-embed/8.2.0/rv32imacxw/ilp32\libgcc.a
START GROUP
LOAD e:/mounriver_studio2/resources/app/resources/win32/components/wch/toolchain/risc-v embedded gcc/bin/../lib/gcc/riscv-none-embed/8.2.0/rv32imacxw/ilp32\libgcc.a
LOAD e:/mounriver_studio2/resources/app/resources/win32/components/wch/toolchain/risc-v embedded gcc/bin/../lib/gcc/riscv-none-embed/8.2.0/../../../../riscv-none-embed/lib/rv32imacxw/ilp32\libc_nano.a
LOAD e:/mounriver_studio2/resources/app/resources/win32/components/wch/toolchain/risc-v embedded gcc/bin/../lib/gcc/riscv-none-embed/8.2.0/../../../../riscv-none-embed/lib/rv32imacxw/ilp32\libnosys.a
END GROUP
START GROUP
LOAD e:/mounriver_studio2/resources/app/resources/win32/components/wch/toolchain/risc-v embedded gcc/bin/../lib/gcc/riscv-none-embed/8.2.0/rv32imacxw/ilp32\libgcc.a
LOAD e:/mounriver_studio2/resources/app/resources/win32/components/wch/toolchain/risc-v embedded gcc/bin/../lib/gcc/riscv-none-embed/8.2.0/../../../../riscv-none-embed/lib/rv32imacxw/ilp32\libc_nano.a
LOAD e:/mounriver_studio2/resources/app/resources/win32/components/wch/toolchain/risc-v embedded gcc/bin/../lib/gcc/riscv-none-embed/8.2.0/../../../../riscv-none-embed/lib/rv32imacxw/ilp32\libnosys.a
END GROUP
                0x0000000000000800                __stack_size = 0x800
                [!provide]                        PROVIDE (_stack_size = __stack_size)

.init           0x0000000000000000        0x4
                0x0000000000000000                _sinit = .
                0x0000000000000000                . = ALIGN (0x4)
 *(SORT_NONE(.init))
 .init          0x0000000000000000        0x4 ./Startup/startup_ch32v30x_D8C.o
                0x0000000000000000                _start
                0x0000000000000004                . = ALIGN (0x4)
                0x0000000000000004                _einit = .

.vector         0x0000000000000004      0x1bc
 *(.vector)
 .vector        0x0000000000000004      0x1a0 ./Startup/startup_ch32v30x_D8C.o
                0x00000000000001c0                . = ALIGN (0x40)
 *fill*         0x00000000000001a4       0x1c 

.text           0x00000000000001c0     0x3800
                0x00000000000001c0                . = ALIGN (0x4)
 *(.text)
 .text          0x00000000000001c0       0x60 e:/mounriver_studio2/resources/app/resources/win32/components/wch/toolchain/risc-v embedded gcc/bin/../lib/gcc/riscv-none-embed/8.2.0/rv32imacxw/ilp32\libgcc.a(save-restore.o)
                0x00000000000001c0                __riscv_save_12
                0x00000000000001c8                __riscv_save_9
                0x00000000000001c8                __riscv_save_11
                0x00000000000001c8                __riscv_save_10
                0x00000000000001c8                __riscv_save_8
                0x00000000000001d6                __riscv_save_4
                0x00000000000001d6                __riscv_save_6
                0x00000000000001d6                __riscv_save_5
                0x00000000000001d6                __riscv_save_7
                0x00000000000001f0                __riscv_save_3
                0x00000000000001f0                __riscv_save_2
                0x00000000000001f0                __riscv_save_1
                0x00000000000001f0                __riscv_save_0
                0x00000000000001fc                __riscv_restore_12
                0x0000000000000200                __riscv_restore_11
                0x0000000000000200                __riscv_restore_9
                0x0000000000000200                __riscv_restore_10
                0x0000000000000200                __riscv_restore_8
                0x000000000000020a                __riscv_restore_5
                0x000000000000020a                __riscv_restore_7
                0x000000000000020a                __riscv_restore_6
                0x000000000000020a                __riscv_restore_4
                0x0000000000000214                __riscv_restore_3
                0x0000000000000214                __riscv_restore_0
                0x0000000000000214                __riscv_restore_2
                0x0000000000000214                __riscv_restore_1
 .text          0x0000000000000220       0xa8 e:/mounriver_studio2/resources/app/resources/win32/components/wch/toolchain/risc-v embedded gcc/bin/../lib/gcc/riscv-none-embed/8.2.0/../../../../riscv-none-embed/lib/rv32imacxw/ilp32\libg_nano.a(lib_a-memset.o)
                0x0000000000000220                memset
 *(.text.*)
 .text.MY_ADC_Init
                0x00000000000002c8      0x1b8 ./User/adc.o
                0x00000000000002c8                MY_ADC_Init
 .text.NMI_Handler
                0x0000000000000480        0x2 ./User/ch32v30x_it.o
                0x0000000000000480                NMI_Handler
 .text.HardFault_Handler
                0x0000000000000482       0x10 ./User/ch32v30x_it.o
                0x0000000000000482                HardFault_Handler
 .text.USB_TestMode_Deal
                0x0000000000000492       0xf8 ./User/ch32v30x_usbhs_device.o
                0x0000000000000492                USB_TestMode_Deal
 .text.USBHS_RCC_Init
                0x000000000000058a       0x30 ./User/ch32v30x_usbhs_device.o
                0x000000000000058a                USBHS_RCC_Init
 .text.USBHS_Device_Endp_Init
                0x00000000000005ba       0xbe ./User/ch32v30x_usbhs_device.o
                0x00000000000005ba                USBHS_Device_Endp_Init
 .text.USBHS_Device_Init
                0x0000000000000678       0x82 ./User/ch32v30x_usbhs_device.o
                0x0000000000000678                USBHS_Device_Init
 .text.USBHS_Endp_DataUp
                0x00000000000006fa      0x114 ./User/ch32v30x_usbhs_device.o
                0x00000000000006fa                USBHS_Endp_DataUp
 .text.USBHS_IRQHandler
                0x000000000000080e      0x92e ./User/ch32v30x_usbhs_device.o
                0x000000000000080e                USBHS_IRQHandler
 .text.MY_DMA_Init
                0x000000000000113c       0xa8 ./User/dma.o
                0x000000000000113c                MY_DMA_Init
 .text.DMA1_Channel1_IRQHandler
                0x00000000000011e4       0x2c ./User/main.o
                0x00000000000011e4                DMA1_Channel1_IRQHandler
 .text.Test_Signal_Generator_Init
                0x0000000000001210       0x9c ./User/main.o
                0x0000000000001210                Test_Signal_Generator_Init
 .text.startup.main
                0x00000000000012ac      0x15e ./User/main.o
                0x00000000000012ac                main
 .text.SystemInit
                0x000000000000140a       0xfa ./User/system_ch32v30x.o
                0x000000000000140a                SystemInit
 .text.SystemCoreClockUpdate
                0x0000000000001504       0xbe ./User/system_ch32v30x.o
                0x0000000000001504                SystemCoreClockUpdate
 .text.vector_handler
                0x00000000000015c2        0x2 ./Startup/startup_ch32v30x_D8C.o
                0x00000000000015c2                EXTI2_IRQHandler
                0x00000000000015c2                TIM8_TRG_COM_IRQHandler
                0x00000000000015c2                TIM8_CC_IRQHandler
                0x00000000000015c2                UART8_IRQHandler
                0x00000000000015c2                TIM1_CC_IRQHandler
                0x00000000000015c2                TIM6_IRQHandler
                0x00000000000015c2                SysTick_Handler
                0x00000000000015c2                PVD_IRQHandler
                0x00000000000015c2                SDIO_IRQHandler
                0x00000000000015c2                TIM9_BRK_IRQHandler
                0x00000000000015c2                DMA2_Channel8_IRQHandler
                0x00000000000015c2                CAN2_RX1_IRQHandler
                0x00000000000015c2                EXTI3_IRQHandler
                0x00000000000015c2                DMA2_Channel9_IRQHandler
                0x00000000000015c2                TIM10_CC_IRQHandler
                0x00000000000015c2                USBFS_IRQHandler
                0x00000000000015c2                EXTI0_IRQHandler
                0x00000000000015c2                I2C2_EV_IRQHandler
                0x00000000000015c2                TIM10_TRG_COM_IRQHandler
                0x00000000000015c2                CAN2_SCE_IRQHandler
                0x00000000000015c2                ADC1_2_IRQHandler
                0x00000000000015c2                Break_Point_Handler
                0x00000000000015c2                SPI1_IRQHandler
                0x00000000000015c2                TAMPER_IRQHandler
                0x00000000000015c2                CAN2_RX0_IRQHandler
                0x00000000000015c2                TIM8_UP_IRQHandler
                0x00000000000015c2                Ecall_M_Mode_Handler
                0x00000000000015c2                DMA2_Channel2_IRQHandler
                0x00000000000015c2                DMA1_Channel4_IRQHandler
                0x00000000000015c2                TIM9_UP_IRQHandler
                0x00000000000015c2                USART3_IRQHandler
                0x00000000000015c2                RTC_IRQHandler
                0x00000000000015c2                DMA1_Channel7_IRQHandler
                0x00000000000015c2                CAN1_RX1_IRQHandler
                0x00000000000015c2                DVP_IRQHandler
                0x00000000000015c2                UART5_IRQHandler
                0x00000000000015c2                TIM4_IRQHandler
                0x00000000000015c2                DMA2_Channel1_IRQHandler
                0x00000000000015c2                I2C1_EV_IRQHandler
                0x00000000000015c2                DMA1_Channel6_IRQHandler
                0x00000000000015c2                UART4_IRQHandler
                0x00000000000015c2                DMA2_Channel4_IRQHandler
                0x00000000000015c2                TIM3_IRQHandler
                0x00000000000015c2                RCC_IRQHandler
                0x00000000000015c2                TIM1_TRG_COM_IRQHandler
                0x00000000000015c2                DMA2_Channel7_IRQHandler
                0x00000000000015c2                EXTI15_10_IRQHandler
                0x00000000000015c2                TIM7_IRQHandler
                0x00000000000015c2                CAN2_TX_IRQHandler
                0x00000000000015c2                TIM5_IRQHandler
                0x00000000000015c2                EXTI9_5_IRQHandler
                0x00000000000015c2                ETH_WKUP_IRQHandler
                0x00000000000015c2                SPI2_IRQHandler
                0x00000000000015c2                TIM10_BRK_IRQHandler
                0x00000000000015c2                TIM9_CC_IRQHandler
                0x00000000000015c2                DMA2_Channel5_IRQHandler
                0x00000000000015c2                DMA1_Channel5_IRQHandler
                0x00000000000015c2                EXTI4_IRQHandler
                0x00000000000015c2                USB_LP_CAN1_RX0_IRQHandler
                0x00000000000015c2                RNG_IRQHandler
                0x00000000000015c2                USB_HP_CAN1_TX_IRQHandler
                0x00000000000015c2                DMA1_Channel3_IRQHandler
                0x00000000000015c2                ETH_IRQHandler
                0x00000000000015c2                TIM1_UP_IRQHandler
                0x00000000000015c2                WWDG_IRQHandler
                0x00000000000015c2                USBHSWakeup_IRQHandler
                0x00000000000015c2                DMA2_Channel11_IRQHandler
                0x00000000000015c2                Ecall_U_Mode_Handler
                0x00000000000015c2                DMA2_Channel6_IRQHandler
                0x00000000000015c2                TIM2_IRQHandler
                0x00000000000015c2                SW_Handler
                0x00000000000015c2                TIM1_BRK_IRQHandler
                0x00000000000015c2                DMA2_Channel10_IRQHandler
                0x00000000000015c2                EXTI1_IRQHandler
                0x00000000000015c2                RTCAlarm_IRQHandler
                0x00000000000015c2                TIM10_UP_IRQHandler
                0x00000000000015c2                TIM9_TRG_COM_IRQHandler
                0x00000000000015c2                UART7_IRQHandler
                0x00000000000015c2                USART2_IRQHandler
                0x00000000000015c2                UART6_IRQHandler
                0x00000000000015c2                I2C2_ER_IRQHandler
                0x00000000000015c2                DMA1_Channel2_IRQHandler
                0x00000000000015c2                TIM8_BRK_IRQHandler
                0x00000000000015c2                CAN1_SCE_IRQHandler
                0x00000000000015c2                FLASH_IRQHandler
                0x00000000000015c2                USART1_IRQHandler
                0x00000000000015c2                SPI3_IRQHandler
                0x00000000000015c2                I2C1_ER_IRQHandler
                0x00000000000015c2                USBWakeUp_IRQHandler
                0x00000000000015c2                DMA2_Channel3_IRQHandler
 .text.handle_reset
                0x00000000000015c4       0x8e ./Startup/startup_ch32v30x_D8C.o
                0x00000000000015c4                handle_reset
 .text.ADC_DeInit
                0x0000000000001652       0x46 ./Peripheral/src/ch32v30x_adc.o
                0x0000000000001652                ADC_DeInit
 .text.ADC_Init
                0x0000000000001698       0x56 ./Peripheral/src/ch32v30x_adc.o
                0x0000000000001698                ADC_Init
 .text.ADC_StructInit
                0x00000000000016ee       0x1a ./Peripheral/src/ch32v30x_adc.o
                0x00000000000016ee                ADC_StructInit
 .text.ADC_Cmd  0x0000000000001708       0x10 ./Peripheral/src/ch32v30x_adc.o
                0x0000000000001708                ADC_Cmd
 .text.ADC_DMACmd
                0x0000000000001718       0x12 ./Peripheral/src/ch32v30x_adc.o
                0x0000000000001718                ADC_DMACmd
 .text.ADC_ResetCalibration
                0x000000000000172a        0xa ./Peripheral/src/ch32v30x_adc.o
                0x000000000000172a                ADC_ResetCalibration
 .text.ADC_GetResetCalibrationStatus
                0x0000000000001734        0x8 ./Peripheral/src/ch32v30x_adc.o
                0x0000000000001734                ADC_GetResetCalibrationStatus
 .text.ADC_StartCalibration
                0x000000000000173c        0xa ./Peripheral/src/ch32v30x_adc.o
                0x000000000000173c                ADC_StartCalibration
 .text.ADC_GetCalibrationStatus
                0x0000000000001746        0x8 ./Peripheral/src/ch32v30x_adc.o
                0x0000000000001746                ADC_GetCalibrationStatus
 .text.ADC_RegularChannelConfig
                0x000000000000174e       0xb8 ./Peripheral/src/ch32v30x_adc.o
                0x000000000000174e                ADC_RegularChannelConfig
 .text.ADC_ExternalTrigConvCmd
                0x0000000000001806       0x18 ./Peripheral/src/ch32v30x_adc.o
                0x0000000000001806                ADC_ExternalTrigConvCmd
 .text.ADC_BufferCmd
                0x000000000000181e       0x18 ./Peripheral/src/ch32v30x_adc.o
                0x000000000000181e                ADC_BufferCmd
 .text.Get_CalibrationValue
                0x0000000000001836      0x130 ./Peripheral/src/ch32v30x_adc.o
                0x0000000000001836                Get_CalibrationValue
 .text.DMA_DeInit
                0x0000000000001966      0x16c ./Peripheral/src/ch32v30x_dma.o
                0x0000000000001966                DMA_DeInit
 .text.DMA_Init
                0x0000000000001ad2       0x38 ./Peripheral/src/ch32v30x_dma.o
                0x0000000000001ad2                DMA_Init
 .text.DMA_StructInit
                0x0000000000001b0a       0x2e ./Peripheral/src/ch32v30x_dma.o
                0x0000000000001b0a                DMA_StructInit
 .text.DMA_Cmd  0x0000000000001b38       0x14 ./Peripheral/src/ch32v30x_dma.o
                0x0000000000001b38                DMA_Cmd
 .text.DMA_ITConfig
                0x0000000000001b4c       0x12 ./Peripheral/src/ch32v30x_dma.o
                0x0000000000001b4c                DMA_ITConfig
 .text.DMA_GetFlagStatus
                0x0000000000001b5e       0x32 ./Peripheral/src/ch32v30x_dma.o
                0x0000000000001b5e                DMA_GetFlagStatus
 .text.DMA_ClearFlag
                0x0000000000001b90       0x2c ./Peripheral/src/ch32v30x_dma.o
                0x0000000000001b90                DMA_ClearFlag
 .text.DMA_GetITStatus
                0x0000000000001bbc        0xa ./Peripheral/src/ch32v30x_dma.o
                0x0000000000001bbc                DMA_GetITStatus
 .text.DMA_ClearITPendingBit
                0x0000000000001bc6        0xa ./Peripheral/src/ch32v30x_dma.o
                0x0000000000001bc6                DMA_ClearITPendingBit
 .text.GPIO_Init
                0x0000000000001bd0       0xc0 ./Peripheral/src/ch32v30x_gpio.o
                0x0000000000001bd0                GPIO_Init
 .text.GPIO_StructInit
                0x0000000000001c90        0xe ./Peripheral/src/ch32v30x_gpio.o
                0x0000000000001c90                GPIO_StructInit
 .text.RCC_ADCCLKConfig
                0x0000000000001c9e       0x12 ./Peripheral/src/ch32v30x_rcc.o
                0x0000000000001c9e                RCC_ADCCLKConfig
 .text.RCC_GetClocksFreq
                0x0000000000001cb0      0x176 ./Peripheral/src/ch32v30x_rcc.o
                0x0000000000001cb0                RCC_GetClocksFreq
 .text.RCC_AHBPeriphClockCmd
                0x0000000000001e26       0x1e ./Peripheral/src/ch32v30x_rcc.o
                0x0000000000001e26                RCC_AHBPeriphClockCmd
 .text.RCC_APB2PeriphClockCmd
                0x0000000000001e44       0x1e ./Peripheral/src/ch32v30x_rcc.o
                0x0000000000001e44                RCC_APB2PeriphClockCmd
 .text.RCC_APB1PeriphClockCmd
                0x0000000000001e62       0x1e ./Peripheral/src/ch32v30x_rcc.o
                0x0000000000001e62                RCC_APB1PeriphClockCmd
 .text.RCC_APB2PeriphResetCmd
                0x0000000000001e80       0x1e ./Peripheral/src/ch32v30x_rcc.o
                0x0000000000001e80                RCC_APB2PeriphResetCmd
 .text.RCC_APB1PeriphResetCmd
                0x0000000000001e9e       0x1e ./Peripheral/src/ch32v30x_rcc.o
                0x0000000000001e9e                RCC_APB1PeriphResetCmd
 .text.RCC_USBHSConfig
                0x0000000000001ebc       0x1a ./Peripheral/src/ch32v30x_rcc.o
                0x0000000000001ebc                RCC_USBHSConfig
 .text.RCC_USBHSPLLCLKConfig
                0x0000000000001ed6       0x1a ./Peripheral/src/ch32v30x_rcc.o
                0x0000000000001ed6                RCC_USBHSPLLCLKConfig
 .text.RCC_USBHSPLLCKREFCLKConfig
                0x0000000000001ef0       0x1a ./Peripheral/src/ch32v30x_rcc.o
                0x0000000000001ef0                RCC_USBHSPLLCKREFCLKConfig
 .text.RCC_USBHSPHYPLLALIVEcmd
                0x0000000000001f0a       0x24 ./Peripheral/src/ch32v30x_rcc.o
                0x0000000000001f0a                RCC_USBHSPHYPLLALIVEcmd
 .text.RCC_USBCLK48MConfig
                0x0000000000001f2e       0x16 ./Peripheral/src/ch32v30x_rcc.o
                0x0000000000001f2e                RCC_USBCLK48MConfig
 .text.TIM_DeInit
                0x0000000000001f44       0xe8 ./Peripheral/src/ch32v30x_tim.o
                0x0000000000001f44                TIM_DeInit
 .text.TIM_TimeBaseInit
                0x000000000000202c       0xee ./Peripheral/src/ch32v30x_tim.o
                0x000000000000202c                TIM_TimeBaseInit
 .text.TIM_OC1Init
                0x000000000000211a       0x82 ./Peripheral/src/ch32v30x_tim.o
                0x000000000000211a                TIM_OC1Init
 .text.TIM_OC2Init
                0x000000000000219c       0xae ./Peripheral/src/ch32v30x_tim.o
                0x000000000000219c                TIM_OC2Init
 .text.TIM_TimeBaseStructInit
                0x000000000000224a       0x16 ./Peripheral/src/ch32v30x_tim.o
                0x000000000000224a                TIM_TimeBaseStructInit
 .text.TIM_OCStructInit
                0x0000000000002260       0x22 ./Peripheral/src/ch32v30x_tim.o
                0x0000000000002260                TIM_OCStructInit
 .text.TIM_Cmd  0x0000000000002282       0x18 ./Peripheral/src/ch32v30x_tim.o
                0x0000000000002282                TIM_Cmd
 .text.USART_Init
                0x000000000000229a       0x90 ./Peripheral/src/ch32v30x_usart.o
                0x000000000000229a                USART_Init
 .text.USART_Cmd
                0x000000000000232a       0x16 ./Peripheral/src/ch32v30x_usart.o
                0x000000000000232a                USART_Cmd
 .text.USART_SendData
                0x0000000000002340        0x8 ./Peripheral/src/ch32v30x_usart.o
                0x0000000000002340                USART_SendData
 .text.USART_GetFlagStatus
                0x0000000000002348        0xa ./Peripheral/src/ch32v30x_usart.o
                0x0000000000002348                USART_GetFlagStatus
 .text.Delay_Init
                0x0000000000002352       0x2a ./Debug/debug.o
                0x0000000000002352                Delay_Init
 .text.Delay_Us
                0x000000000000237c       0x36 ./Debug/debug.o
                0x000000000000237c                Delay_Us
 .text.USART_Printf_Init
                0x00000000000023b2       0x56 ./Debug/debug.o
                0x00000000000023b2                USART_Printf_Init
 .text._write   0x0000000000002408       0x3a ./Debug/debug.o
                0x0000000000002408                _write
 .text._sbrk    0x0000000000002442       0x2a ./Debug/debug.o
                0x0000000000002442                _sbrk
 .text.memcpy   0x000000000000246c       0xb2 e:/mounriver_studio2/resources/app/resources/win32/components/wch/toolchain/risc-v embedded gcc/bin/../lib/gcc/riscv-none-embed/8.2.0/../../../../riscv-none-embed/lib/rv32imacxw/ilp32\libg_nano.a(lib_a-memcpy.o)
                0x000000000000246c                memcpy
 .text.printf   0x000000000000251e       0x40 e:/mounriver_studio2/resources/app/resources/win32/components/wch/toolchain/risc-v embedded gcc/bin/../lib/gcc/riscv-none-embed/8.2.0/../../../../riscv-none-embed/lib/rv32imacxw/ilp32\libg_nano.a(lib_a-printf.o)
                0x000000000000251e                iprintf
                0x000000000000251e                printf
 .text._puts_r  0x000000000000255e       0xd4 e:/mounriver_studio2/resources/app/resources/win32/components/wch/toolchain/risc-v embedded gcc/bin/../lib/gcc/riscv-none-embed/8.2.0/../../../../riscv-none-embed/lib/rv32imacxw/ilp32\libg_nano.a(lib_a-puts.o)
                0x000000000000255e                _puts_r
 .text.puts     0x0000000000002632        0xa e:/mounriver_studio2/resources/app/resources/win32/components/wch/toolchain/risc-v embedded gcc/bin/../lib/gcc/riscv-none-embed/8.2.0/../../../../riscv-none-embed/lib/rv32imacxw/ilp32\libg_nano.a(lib_a-puts.o)
                0x0000000000002632                puts
 .text.__swbuf_r
                0x000000000000263c       0xbc e:/mounriver_studio2/resources/app/resources/win32/components/wch/toolchain/risc-v embedded gcc/bin/../lib/gcc/riscv-none-embed/8.2.0/../../../../riscv-none-embed/lib/rv32imacxw/ilp32\libg_nano.a(lib_a-wbuf.o)
                0x000000000000263c                __swbuf_r
 .text.__swsetup_r
                0x00000000000026f8       0xfc e:/mounriver_studio2/resources/app/resources/win32/components/wch/toolchain/risc-v embedded gcc/bin/../lib/gcc/riscv-none-embed/8.2.0/../../../../riscv-none-embed/lib/rv32imacxw/ilp32\libg_nano.a(lib_a-wsetup.o)
                0x00000000000026f8                __swsetup_r
 .text.__sflush_r
                0x00000000000027f4      0x130 e:/mounriver_studio2/resources/app/resources/win32/components/wch/toolchain/risc-v embedded gcc/bin/../lib/gcc/riscv-none-embed/8.2.0/../../../../riscv-none-embed/lib/rv32imacxw/ilp32\libg_nano.a(lib_a-fflush.o)
                0x00000000000027f4                __sflush_r
 .text._fflush_r
                0x0000000000002924       0x64 e:/mounriver_studio2/resources/app/resources/win32/components/wch/toolchain/risc-v embedded gcc/bin/../lib/gcc/riscv-none-embed/8.2.0/../../../../riscv-none-embed/lib/rv32imacxw/ilp32\libg_nano.a(lib_a-fflush.o)
                0x0000000000002924                _fflush_r
 .text.std      0x0000000000002988       0x66 e:/mounriver_studio2/resources/app/resources/win32/components/wch/toolchain/risc-v embedded gcc/bin/../lib/gcc/riscv-none-embed/8.2.0/../../../../riscv-none-embed/lib/rv32imacxw/ilp32\libg_nano.a(lib_a-findfp.o)
 .text._cleanup_r
                0x00000000000029ee        0xa e:/mounriver_studio2/resources/app/resources/win32/components/wch/toolchain/risc-v embedded gcc/bin/../lib/gcc/riscv-none-embed/8.2.0/../../../../riscv-none-embed/lib/rv32imacxw/ilp32\libg_nano.a(lib_a-findfp.o)
                0x00000000000029ee                _cleanup_r
 .text.__sfmoreglue
                0x00000000000029f8       0x46 e:/mounriver_studio2/resources/app/resources/win32/components/wch/toolchain/risc-v embedded gcc/bin/../lib/gcc/riscv-none-embed/8.2.0/../../../../riscv-none-embed/lib/rv32imacxw/ilp32\libg_nano.a(lib_a-findfp.o)
                0x00000000000029f8                __sfmoreglue
 .text.__sinit  0x0000000000002a3e       0x66 e:/mounriver_studio2/resources/app/resources/win32/components/wch/toolchain/risc-v embedded gcc/bin/../lib/gcc/riscv-none-embed/8.2.0/../../../../riscv-none-embed/lib/rv32imacxw/ilp32\libg_nano.a(lib_a-findfp.o)
                0x0000000000002a3e                __sinit
 .text.__sfp    0x0000000000002aa4       0x9c e:/mounriver_studio2/resources/app/resources/win32/components/wch/toolchain/risc-v embedded gcc/bin/../lib/gcc/riscv-none-embed/8.2.0/../../../../riscv-none-embed/lib/rv32imacxw/ilp32\libg_nano.a(lib_a-findfp.o)
                0x0000000000002aa4                __sfp
 .text._fwalk_reent
                0x0000000000002b40       0x6a e:/mounriver_studio2/resources/app/resources/win32/components/wch/toolchain/risc-v embedded gcc/bin/../lib/gcc/riscv-none-embed/8.2.0/../../../../riscv-none-embed/lib/rv32imacxw/ilp32\libg_nano.a(lib_a-fwalk.o)
                0x0000000000002b40                _fwalk_reent
 .text.__swhatbuf_r
                0x0000000000002baa       0x58 e:/mounriver_studio2/resources/app/resources/win32/components/wch/toolchain/risc-v embedded gcc/bin/../lib/gcc/riscv-none-embed/8.2.0/../../../../riscv-none-embed/lib/rv32imacxw/ilp32\libg_nano.a(lib_a-makebuf.o)
                0x0000000000002baa                __swhatbuf_r
 .text.__smakebuf_r
                0x0000000000002c02       0x90 e:/mounriver_studio2/resources/app/resources/win32/components/wch/toolchain/risc-v embedded gcc/bin/../lib/gcc/riscv-none-embed/8.2.0/../../../../riscv-none-embed/lib/rv32imacxw/ilp32\libg_nano.a(lib_a-makebuf.o)
                0x0000000000002c02                __smakebuf_r
 .text._free_r  0x0000000000002c92       0xa8 e:/mounriver_studio2/resources/app/resources/win32/components/wch/toolchain/risc-v embedded gcc/bin/../lib/gcc/riscv-none-embed/8.2.0/../../../../riscv-none-embed/lib/rv32imacxw/ilp32\libg_nano.a(lib_a-nano-freer.o)
                0x0000000000002c92                _free_r
 .text._malloc_r
                0x0000000000002d3a       0xd4 e:/mounriver_studio2/resources/app/resources/win32/components/wch/toolchain/risc-v embedded gcc/bin/../lib/gcc/riscv-none-embed/8.2.0/../../../../riscv-none-embed/lib/rv32imacxw/ilp32\libg_nano.a(lib_a-nano-mallocr.o)
                0x0000000000002d3a                _malloc_r
 .text.__sfputc_r
                0x0000000000002e0e       0x28 e:/mounriver_studio2/resources/app/resources/win32/components/wch/toolchain/risc-v embedded gcc/bin/../lib/gcc/riscv-none-embed/8.2.0/../../../../riscv-none-embed/lib/rv32imacxw/ilp32\libg_nano.a(lib_a-nano-vfprintf.o)
 .text.__sfputs_r
                0x0000000000002e36       0x40 e:/mounriver_studio2/resources/app/resources/win32/components/wch/toolchain/risc-v embedded gcc/bin/../lib/gcc/riscv-none-embed/8.2.0/../../../../riscv-none-embed/lib/rv32imacxw/ilp32\libg_nano.a(lib_a-nano-vfprintf.o)
                0x0000000000002e36                __sfputs_r
 .text._vfprintf_r
                0x0000000000002e76      0x286 e:/mounriver_studio2/resources/app/resources/win32/components/wch/toolchain/risc-v embedded gcc/bin/../lib/gcc/riscv-none-embed/8.2.0/../../../../riscv-none-embed/lib/rv32imacxw/ilp32\libg_nano.a(lib_a-nano-vfprintf.o)
                0x0000000000002e76                _vfprintf_r
                0x0000000000002e76                _vfiprintf_r
 .text._printf_common
                0x00000000000030fc      0x10c e:/mounriver_studio2/resources/app/resources/win32/components/wch/toolchain/risc-v embedded gcc/bin/../lib/gcc/riscv-none-embed/8.2.0/../../../../riscv-none-embed/lib/rv32imacxw/ilp32\libg_nano.a(lib_a-nano-vfprintf_i.o)
                0x00000000000030fc                _printf_common
 .text._printf_i
                0x0000000000003208      0x2a0 e:/mounriver_studio2/resources/app/resources/win32/components/wch/toolchain/risc-v embedded gcc/bin/../lib/gcc/riscv-none-embed/8.2.0/../../../../riscv-none-embed/lib/rv32imacxw/ilp32\libg_nano.a(lib_a-nano-vfprintf_i.o)
                0x0000000000003208                _printf_i
 .text._sbrk_r  0x00000000000034a8       0x32 e:/mounriver_studio2/resources/app/resources/win32/components/wch/toolchain/risc-v embedded gcc/bin/../lib/gcc/riscv-none-embed/8.2.0/../../../../riscv-none-embed/lib/rv32imacxw/ilp32\libg_nano.a(lib_a-sbrkr.o)
                0x00000000000034a8                _sbrk_r
 .text.__sread  0x00000000000034da       0x2c e:/mounriver_studio2/resources/app/resources/win32/components/wch/toolchain/risc-v embedded gcc/bin/../lib/gcc/riscv-none-embed/8.2.0/../../../../riscv-none-embed/lib/rv32imacxw/ilp32\libg_nano.a(lib_a-stdio.o)
                0x00000000000034da                __sread
 .text.__swrite
                0x0000000000003506       0x48 e:/mounriver_studio2/resources/app/resources/win32/components/wch/toolchain/risc-v embedded gcc/bin/../lib/gcc/riscv-none-embed/8.2.0/../../../../riscv-none-embed/lib/rv32imacxw/ilp32\libg_nano.a(lib_a-stdio.o)
                0x0000000000003506                __swrite
 .text.__sseek  0x000000000000354e       0x30 e:/mounriver_studio2/resources/app/resources/win32/components/wch/toolchain/risc-v embedded gcc/bin/../lib/gcc/riscv-none-embed/8.2.0/../../../../riscv-none-embed/lib/rv32imacxw/ilp32\libg_nano.a(lib_a-stdio.o)
                0x000000000000354e                __sseek
 .text.__sclose
                0x000000000000357e        0x6 e:/mounriver_studio2/resources/app/resources/win32/components/wch/toolchain/risc-v embedded gcc/bin/../lib/gcc/riscv-none-embed/8.2.0/../../../../riscv-none-embed/lib/rv32imacxw/ilp32\libg_nano.a(lib_a-stdio.o)
                0x000000000000357e                __sclose
 .text._write_r
                0x0000000000003584       0x36 e:/mounriver_studio2/resources/app/resources/win32/components/wch/toolchain/risc-v embedded gcc/bin/../lib/gcc/riscv-none-embed/8.2.0/../../../../riscv-none-embed/lib/rv32imacxw/ilp32\libg_nano.a(lib_a-writer.o)
                0x0000000000003584                _write_r
 .text._close_r
                0x00000000000035ba       0x30 e:/mounriver_studio2/resources/app/resources/win32/components/wch/toolchain/risc-v embedded gcc/bin/../lib/gcc/riscv-none-embed/8.2.0/../../../../riscv-none-embed/lib/rv32imacxw/ilp32\libg_nano.a(lib_a-closer.o)
                0x00000000000035ba                _close_r
 .text._fstat_r
                0x00000000000035ea       0x32 e:/mounriver_studio2/resources/app/resources/win32/components/wch/toolchain/risc-v embedded gcc/bin/../lib/gcc/riscv-none-embed/8.2.0/../../../../riscv-none-embed/lib/rv32imacxw/ilp32\libg_nano.a(lib_a-fstatr.o)
                0x00000000000035ea                _fstat_r
 .text._isatty_r
                0x000000000000361c       0x30 e:/mounriver_studio2/resources/app/resources/win32/components/wch/toolchain/risc-v embedded gcc/bin/../lib/gcc/riscv-none-embed/8.2.0/../../../../riscv-none-embed/lib/rv32imacxw/ilp32\libg_nano.a(lib_a-isattyr.o)
                0x000000000000361c                _isatty_r
 .text._lseek_r
                0x000000000000364c       0x34 e:/mounriver_studio2/resources/app/resources/win32/components/wch/toolchain/risc-v embedded gcc/bin/../lib/gcc/riscv-none-embed/8.2.0/../../../../riscv-none-embed/lib/rv32imacxw/ilp32\libg_nano.a(lib_a-lseekr.o)
                0x000000000000364c                _lseek_r
 .text.memchr   0x0000000000003680       0x18 e:/mounriver_studio2/resources/app/resources/win32/components/wch/toolchain/risc-v embedded gcc/bin/../lib/gcc/riscv-none-embed/8.2.0/../../../../riscv-none-embed/lib/rv32imacxw/ilp32\libg_nano.a(lib_a-memchr.o)
                0x0000000000003680                memchr
 .text.__malloc_lock
                0x0000000000003698        0x2 e:/mounriver_studio2/resources/app/resources/win32/components/wch/toolchain/risc-v embedded gcc/bin/../lib/gcc/riscv-none-embed/8.2.0/../../../../riscv-none-embed/lib/rv32imacxw/ilp32\libg_nano.a(lib_a-mlock.o)
                0x0000000000003698                __malloc_lock
 .text.__malloc_unlock
                0x000000000000369a        0x2 e:/mounriver_studio2/resources/app/resources/win32/components/wch/toolchain/risc-v embedded gcc/bin/../lib/gcc/riscv-none-embed/8.2.0/../../../../riscv-none-embed/lib/rv32imacxw/ilp32\libg_nano.a(lib_a-mlock.o)
                0x000000000000369a                __malloc_unlock
 .text._read_r  0x000000000000369c       0x34 e:/mounriver_studio2/resources/app/resources/win32/components/wch/toolchain/risc-v embedded gcc/bin/../lib/gcc/riscv-none-embed/8.2.0/../../../../riscv-none-embed/lib/rv32imacxw/ilp32\libg_nano.a(lib_a-readr.o)
                0x000000000000369c                _read_r
 .text._close   0x00000000000036d0       0x10 e:/mounriver_studio2/resources/app/resources/win32/components/wch/toolchain/risc-v embedded gcc/bin/../lib/gcc/riscv-none-embed/8.2.0/../../../../riscv-none-embed/lib/rv32imacxw/ilp32\libnosys.a(close.o)
                0x00000000000036d0                _close
 .text._fstat   0x00000000000036e0       0x10 e:/mounriver_studio2/resources/app/resources/win32/components/wch/toolchain/risc-v embedded gcc/bin/../lib/gcc/riscv-none-embed/8.2.0/../../../../riscv-none-embed/lib/rv32imacxw/ilp32\libnosys.a(fstat.o)
                0x00000000000036e0                _fstat
 .text._isatty  0x00000000000036f0       0x10 e:/mounriver_studio2/resources/app/resources/win32/components/wch/toolchain/risc-v embedded gcc/bin/../lib/gcc/riscv-none-embed/8.2.0/../../../../riscv-none-embed/lib/rv32imacxw/ilp32\libnosys.a(isatty.o)
                0x00000000000036f0                _isatty
 .text._lseek   0x0000000000003700       0x10 e:/mounriver_studio2/resources/app/resources/win32/components/wch/toolchain/risc-v embedded gcc/bin/../lib/gcc/riscv-none-embed/8.2.0/../../../../riscv-none-embed/lib/rv32imacxw/ilp32\libnosys.a(lseek.o)
                0x0000000000003700                _lseek
 .text._read    0x0000000000003710       0x10 e:/mounriver_studio2/resources/app/resources/win32/components/wch/toolchain/risc-v embedded gcc/bin/../lib/gcc/riscv-none-embed/8.2.0/../../../../riscv-none-embed/lib/rv32imacxw/ilp32\libnosys.a(read.o)
                0x0000000000003710                _read
 *(.rodata)
 *(.rodata*)
 .rodata.USBHS_IRQHandler
                0x0000000000003720       0x4c ./User/ch32v30x_usbhs_device.o
 .rodata.main.str1.4
                0x000000000000376c       0xe1 ./User/main.o
 *fill*         0x000000000000384d        0x3 
 .rodata.MyCfgDescr_FS
                0x0000000000003850       0x3c ./User/usb_desc.o
                0x0000000000003850                MyCfgDescr_FS
 .rodata.MyCfgDescr_HS
                0x000000000000388c       0x3c ./User/usb_desc.o
                0x000000000000388c                MyCfgDescr_HS
 .rodata.MyDevDescr
                0x00000000000038c8       0x12 ./User/usb_desc.o
                0x00000000000038c8                MyDevDescr
 *fill*         0x00000000000038da        0x2 
 .rodata.MyManuInfo
                0x00000000000038dc        0xe ./User/usb_desc.o
                0x00000000000038dc                MyManuInfo
 *fill*         0x00000000000038ea        0x2 
 .rodata.MyProdInfo
                0x00000000000038ec       0x12 ./User/usb_desc.o
                0x00000000000038ec                MyProdInfo
 *fill*         0x00000000000038fe        0x2 
 .rodata.MyQuaDesc
                0x0000000000003900        0xa ./User/usb_desc.o
                0x0000000000003900                MyQuaDesc
 *fill*         0x000000000000390a        0x2 
 .rodata.MySerNumInfo
                0x000000000000390c       0x16 ./User/usb_desc.o
                0x000000000000390c                MySerNumInfo
 *fill*         0x0000000000003922        0x2 
 .rodata.__sf_fake_stderr
                0x0000000000003924       0x20 e:/mounriver_studio2/resources/app/resources/win32/components/wch/toolchain/risc-v embedded gcc/bin/../lib/gcc/riscv-none-embed/8.2.0/../../../../riscv-none-embed/lib/rv32imacxw/ilp32\libg_nano.a(lib_a-findfp.o)
                0x0000000000003924                __sf_fake_stderr
 .rodata.__sf_fake_stdin
                0x0000000000003944       0x20 e:/mounriver_studio2/resources/app/resources/win32/components/wch/toolchain/risc-v embedded gcc/bin/../lib/gcc/riscv-none-embed/8.2.0/../../../../riscv-none-embed/lib/rv32imacxw/ilp32\libg_nano.a(lib_a-findfp.o)
                0x0000000000003944                __sf_fake_stdin
 .rodata.__sf_fake_stdout
                0x0000000000003964       0x20 e:/mounriver_studio2/resources/app/resources/win32/components/wch/toolchain/risc-v embedded gcc/bin/../lib/gcc/riscv-none-embed/8.2.0/../../../../riscv-none-embed/lib/rv32imacxw/ilp32\libg_nano.a(lib_a-findfp.o)
                0x0000000000003964                __sf_fake_stdout
 .rodata._vfprintf_r.str1.4
                0x0000000000003984       0x13 e:/mounriver_studio2/resources/app/resources/win32/components/wch/toolchain/risc-v embedded gcc/bin/../lib/gcc/riscv-none-embed/8.2.0/../../../../riscv-none-embed/lib/rv32imacxw/ilp32\libg_nano.a(lib_a-nano-vfprintf.o)
 *fill*         0x0000000000003997        0x1 
 .rodata._printf_i.str1.4
                0x0000000000003998       0x28 e:/mounriver_studio2/resources/app/resources/win32/components/wch/toolchain/risc-v embedded gcc/bin/../lib/gcc/riscv-none-embed/8.2.0/../../../../riscv-none-embed/lib/rv32imacxw/ilp32\libg_nano.a(lib_a-nano-vfprintf_i.o)
                                         0x25 (size before relaxing)
 *(.gnu.linkonce.t.*)
                0x00000000000039c0                . = ALIGN (0x4)

.rela.dyn       0x00000000000039c0        0x0
 .rela.init     0x00000000000039c0        0x0 ./User/adc.o
 .rela.vector   0x00000000000039c0        0x0 ./User/adc.o
 .rela.text.handle_reset
                0x00000000000039c0        0x0 ./User/adc.o
 .rela.text._sbrk
                0x00000000000039c0        0x0 ./User/adc.o
 .rela.sdata.curbrk.5377
                0x00000000000039c0        0x0 ./User/adc.o
 .rela.text._vfprintf_r
                0x00000000000039c0        0x0 ./User/adc.o
 .rela.text._sbrk_r
                0x00000000000039c0        0x0 ./User/adc.o
 .rela.text._write_r
                0x00000000000039c0        0x0 ./User/adc.o
 .rela.text._close_r
                0x00000000000039c0        0x0 ./User/adc.o
 .rela.text._fstat_r
                0x00000000000039c0        0x0 ./User/adc.o
 .rela.text._isatty_r
                0x00000000000039c0        0x0 ./User/adc.o
 .rela.text._lseek_r
                0x00000000000039c0        0x0 ./User/adc.o
 .rela.text._read_r
                0x00000000000039c0        0x0 ./User/adc.o
 .rela.text._close
                0x00000000000039c0        0x0 ./User/adc.o
 .rela.text._fstat
                0x00000000000039c0        0x0 ./User/adc.o
 .rela.text._isatty
                0x00000000000039c0        0x0 ./User/adc.o
 .rela.text._lseek
                0x00000000000039c0        0x0 ./User/adc.o
 .rela.text._read
                0x00000000000039c0        0x0 ./User/adc.o

.fini           0x00000000000039c0        0x0
 *(SORT_NONE(.fini))
                0x00000000000039c0                . = ALIGN (0x4)
                [!provide]                        PROVIDE (_etext = .)
                [!provide]                        PROVIDE (_eitcm = .)

.preinit_array  0x00000000000039c0        0x0
                [!provide]                        PROVIDE (__preinit_array_start = .)
 *(.preinit_array)
                [!provide]                        PROVIDE (__preinit_array_end = .)

.init_array     0x00000000000039c0        0x0
                [!provide]                        PROVIDE (__init_array_start = .)
 *(SORT_BY_INIT_PRIORITY(.init_array.*) SORT_BY_INIT_PRIORITY(.ctors.*))
 *(.init_array EXCLUDE_FILE(*crtend?.o *crtend.o *crtbegin?.o *crtbegin.o) .ctors)
                [!provide]                        PROVIDE (__init_array_end = .)

.fini_array     0x00000000000039c0        0x0
                [!provide]                        PROVIDE (__fini_array_start = .)
 *(SORT_BY_INIT_PRIORITY(.fini_array.*) SORT_BY_INIT_PRIORITY(.dtors.*))
 *(.fini_array EXCLUDE_FILE(*crtend?.o *crtend.o *crtbegin?.o *crtbegin.o) .dtors)
                [!provide]                        PROVIDE (__fini_array_end = .)

.ctors
 *crtbegin.o(.ctors)
 *crtbegin?.o(.ctors)
 *(EXCLUDE_FILE(*crtend?.o *crtend.o) .ctors)
 *(SORT_BY_NAME(.ctors.*))
 *(.ctors)

.dtors
 *crtbegin.o(.dtors)
 *crtbegin?.o(.dtors)
 *(EXCLUDE_FILE(*crtend?.o *crtend.o) .dtors)
 *(SORT_BY_NAME(.dtors.*))
 *(.dtors)

.dalign         0x0000000020000000        0x0 load address 0x00000000000039c0
                0x0000000020000000                . = ALIGN (0x4)
                0x0000000020000000                PROVIDE (_data_vma = .)

.dlalign        0x00000000000039c0        0x0
                0x00000000000039c0                . = ALIGN (0x4)
                0x00000000000039c0                PROVIDE (_data_lma = .)

.data           0x0000000020000000      0x148 load address 0x00000000000039c0
 *(.gnu.linkonce.r.*)
 *(.data .data.*)
 .data.IFTest_Buf
                0x0000000020000000       0x35 ./User/ch32v30x_usbhs_device.o
                0x0000000020000000                IFTest_Buf
 *fill*         0x0000000020000035        0x3 
 .data.AHBPrescTable
                0x0000000020000038       0x10 ./User/system_ch32v30x.o
                0x0000000020000038                AHBPrescTable
 .data.TAB_USB_FS_OSC_DESC
                0x0000000020000048       0x3c ./User/usb_desc.o
                0x0000000020000048                TAB_USB_FS_OSC_DESC
 .data.TAB_USB_HS_OSC_DESC
                0x0000000020000084       0x3c ./User/usb_desc.o
                0x0000000020000084                TAB_USB_HS_OSC_DESC
 .data.APBAHBPrescTable
                0x00000000200000c0       0x10 ./Peripheral/src/ch32v30x_rcc.o
 .data.impure_data
                0x00000000200000d0       0x60 e:/mounriver_studio2/resources/app/resources/win32/components/wch/toolchain/risc-v embedded gcc/bin/../lib/gcc/riscv-none-embed/8.2.0/../../../../riscv-none-embed/lib/rv32imacxw/ilp32\libg_nano.a(lib_a-impure.o)
 *(.gnu.linkonce.d.*)
                0x0000000020000130                . = ALIGN (0x8)
                0x0000000020000930                PROVIDE (__global_pointer$ = (. + 0x800))
 *(.sdata .sdata.*)
 .sdata.SystemCoreClock
                0x0000000020000130        0x4 ./User/system_ch32v30x.o
                0x0000000020000130                SystemCoreClock
 .sdata.ADCPrescTable
                0x0000000020000134        0x4 ./Peripheral/src/ch32v30x_rcc.o
 .sdata.curbrk.5377
                0x0000000020000138        0x4 ./Debug/debug.o
 .sdata._impure_ptr
                0x000000002000013c        0x4 e:/mounriver_studio2/resources/app/resources/win32/components/wch/toolchain/risc-v embedded gcc/bin/../lib/gcc/riscv-none-embed/8.2.0/../../../../riscv-none-embed/lib/rv32imacxw/ilp32\libg_nano.a(lib_a-impure.o)
                0x000000002000013c                _impure_ptr
 *(.sdata2.*)
 .sdata2.MyLangDescr
                0x0000000020000140        0x4 ./User/usb_desc.o
                0x0000000020000140                MyLangDescr
 .sdata2._global_impure_ptr
                0x0000000020000144        0x4 e:/mounriver_studio2/resources/app/resources/win32/components/wch/toolchain/risc-v embedded gcc/bin/../lib/gcc/riscv-none-embed/8.2.0/../../../../riscv-none-embed/lib/rv32imacxw/ilp32\libg_nano.a(lib_a-impure.o)
                0x0000000020000144                _global_impure_ptr
 *(.gnu.linkonce.s.*)
                0x0000000020000148                . = ALIGN (0x8)
 *(.srodata.cst16)
 *(.srodata.cst8)
 *(.srodata.cst4)
 *(.srodata.cst2)
 *(.srodata .srodata.*)
                0x0000000020000148                . = ALIGN (0x4)
                0x0000000020000148                PROVIDE (_edata = .)

.bss            0x0000000020000148     0x2cac load address 0x0000000000003b08
                0x0000000020000148                . = ALIGN (0x4)
                0x0000000020000148                PROVIDE (_sbss = .)
 *(.sbss*)
 .sbss.Calibrattion_Val
                0x0000000020000148        0x2 ./User/adc.o
                0x0000000020000148                Calibrattion_Val
 .sbss.USBHS_DevAddr
                0x000000002000014a        0x1 ./User/ch32v30x_usbhs_device.o
                0x000000002000014a                USBHS_DevAddr
 .sbss.USBHS_DevConfig
                0x000000002000014b        0x1 ./User/ch32v30x_usbhs_device.o
                0x000000002000014b                USBHS_DevConfig
 .sbss.USBHS_DevEnumStatus
                0x000000002000014c        0x1 ./User/ch32v30x_usbhs_device.o
                0x000000002000014c                USBHS_DevEnumStatus
 *fill*         0x000000002000014d        0x1 
 .sbss.USBHS_DevMaxPackLen
                0x000000002000014e        0x2 ./User/ch32v30x_usbhs_device.o
                0x000000002000014e                USBHS_DevMaxPackLen
 .sbss.USBHS_DevSleepStatus
                0x0000000020000150        0x1 ./User/ch32v30x_usbhs_device.o
                0x0000000020000150                USBHS_DevSleepStatus
 .sbss.USBHS_DevSpeed
                0x0000000020000151        0x1 ./User/ch32v30x_usbhs_device.o
                0x0000000020000151                USBHS_DevSpeed
 .sbss.USBHS_SetupReqCode
                0x0000000020000152        0x1 ./User/ch32v30x_usbhs_device.o
                0x0000000020000152                USBHS_SetupReqCode
 *fill*         0x0000000020000153        0x1 
 .sbss.USBHS_SetupReqIndex
                0x0000000020000154        0x2 ./User/ch32v30x_usbhs_device.o
                0x0000000020000154                USBHS_SetupReqIndex
 .sbss.USBHS_SetupReqLen
                0x0000000020000156        0x2 ./User/ch32v30x_usbhs_device.o
                0x0000000020000156                USBHS_SetupReqLen
 .sbss.USBHS_SetupReqType
                0x0000000020000158        0x1 ./User/ch32v30x_usbhs_device.o
                0x0000000020000158                USBHS_SetupReqType
 *fill*         0x0000000020000159        0x1 
 .sbss.USBHS_SetupReqValue
                0x000000002000015a        0x2 ./User/ch32v30x_usbhs_device.o
                0x000000002000015a                USBHS_SetupReqValue
 .sbss.USBHS_Test_Flag
                0x000000002000015c        0x1 ./User/ch32v30x_usbhs_device.o
                0x000000002000015c                USBHS_Test_Flag
 *fill*         0x000000002000015d        0x3 
 .sbss.pUSBHS_Descr
                0x0000000020000160        0x4 ./User/ch32v30x_usbhs_device.o
                0x0000000020000160                pUSBHS_Descr
 .sbss.dma_fire_count
                0x0000000020000164        0x4 ./User/main.o
                0x0000000020000164                dma_fire_count
 .sbss.flag_send_full
                0x0000000020000168        0x1 ./User/main.o
                0x0000000020000168                flag_send_full
 .sbss.flag_send_half
                0x0000000020000169        0x1 ./User/main.o
                0x0000000020000169                flag_send_half
 *fill*         0x000000002000016a        0x2 
 .sbss.print_delay.5608
                0x000000002000016c        0x4 ./User/main.o
 .sbss.p_ms     0x0000000020000170        0x2 ./Debug/debug.o
 .sbss.p_us     0x0000000020000172        0x1 ./Debug/debug.o
 *fill*         0x0000000020000173        0x1 
 .sbss.__malloc_free_list
                0x0000000020000174        0x4 e:/mounriver_studio2/resources/app/resources/win32/components/wch/toolchain/risc-v embedded gcc/bin/../lib/gcc/riscv-none-embed/8.2.0/../../../../riscv-none-embed/lib/rv32imacxw/ilp32\libg_nano.a(lib_a-nano-mallocr.o)
                0x0000000020000174                __malloc_free_list
 .sbss.__malloc_sbrk_start
                0x0000000020000178        0x4 e:/mounriver_studio2/resources/app/resources/win32/components/wch/toolchain/risc-v embedded gcc/bin/../lib/gcc/riscv-none-embed/8.2.0/../../../../riscv-none-embed/lib/rv32imacxw/ilp32\libg_nano.a(lib_a-nano-mallocr.o)
                0x0000000020000178                __malloc_sbrk_start
 *(.gnu.linkonce.sb.*)
 *(.bss*)
 .bss.Data_Buffer
                0x000000002000017c     0x2000 ./User/ch32v30x_usbhs_device.o
                0x000000002000017c                Data_Buffer
 .bss.RingBuffer_Comm
                0x000000002000217c       0x24 ./User/ch32v30x_usbhs_device.o
                0x000000002000217c                RingBuffer_Comm
 .bss.USBHS_EP0_Buf
                0x00000000200021a0       0x40 ./User/ch32v30x_usbhs_device.o
                0x00000000200021a0                USBHS_EP0_Buf
 .bss.USBHS_EP3_Rx_Buf
                0x00000000200021e0      0x200 ./User/ch32v30x_usbhs_device.o
                0x00000000200021e0                USBHS_EP3_Rx_Buf
 .bss.USBHS_EP4_Tx_Buf
                0x00000000200023e0      0x200 ./User/ch32v30x_usbhs_device.o
                0x00000000200023e0                USBHS_EP4_Tx_Buf
 .bss.USBHS_EP5_Rx_Buf
                0x00000000200025e0      0x200 ./User/ch32v30x_usbhs_device.o
                0x00000000200025e0                USBHS_EP5_Rx_Buf
 .bss.USBHS_EP6_Tx_Buf
                0x00000000200027e0      0x200 ./User/ch32v30x_usbhs_device.o
                0x00000000200027e0                USBHS_EP6_Tx_Buf
 .bss.USBHS_Endp_Busy
                0x00000000200029e0       0x10 ./User/ch32v30x_usbhs_device.o
                0x00000000200029e0                USBHS_Endp_Busy
 .bss.ADC_TX_BUFFER1
                0x00000000200029f0      0x400 ./User/dma.o
                0x00000000200029f0                ADC_TX_BUFFER1
 *(.gnu.linkonce.b.*)
 *(COMMON*)
 COMMON         0x0000000020002df0        0x4 e:/mounriver_studio2/resources/app/resources/win32/components/wch/toolchain/risc-v embedded gcc/bin/../lib/gcc/riscv-none-embed/8.2.0/../../../../riscv-none-embed/lib/rv32imacxw/ilp32\libg_nano.a(lib_a-reent.o)
                0x0000000020002df0                errno
                0x0000000020002df4                . = ALIGN (0x4)
                0x0000000020002df4                PROVIDE (_ebss = .)
                0x0000000020002df4                PROVIDE (_end = _ebss)
                [!provide]                        PROVIDE (end = .)

.stack          0x0000000020007800      0x800
                0x0000000020007800                PROVIDE (_heap_end = .)
                0x0000000020007800                . = ALIGN (0x4)
                [!provide]                        PROVIDE (_susrstack = .)
                0x0000000020008000                . = (. + __stack_size)
 *fill*         0x0000000020007800      0x800 
                0x0000000020008000                PROVIDE (_eusrstack = .)
OUTPUT(CH372Device.elf elf32-littleriscv)

.debug_info     0x0000000000000000    0x11d69
 .debug_info    0x0000000000000000     0x14c6 ./User/adc.o
 .debug_info    0x00000000000014c6      0xbc0 ./User/ch32v30x_it.o
 .debug_info    0x0000000000002086     0x20aa ./User/ch32v30x_usbhs_device.o
 .debug_info    0x0000000000004130     0x11c0 ./User/dma.o
 .debug_info    0x00000000000052f0     0x1a6e ./User/main.o
 .debug_info    0x0000000000006d5e      0xba5 ./User/system_ch32v30x.o
 .debug_info    0x0000000000007903      0xa8c ./User/usb_desc.o
 .debug_info    0x000000000000838f       0x22 ./Startup/startup_ch32v30x_D8C.o
 .debug_info    0x00000000000083b1     0x1703 ./Peripheral/src/ch32v30x_adc.o
 .debug_info    0x0000000000009ab4      0xd16 ./Peripheral/src/ch32v30x_dma.o
 .debug_info    0x000000000000a7ca     0x12aa ./Peripheral/src/ch32v30x_gpio.o
 .debug_info    0x000000000000ba74     0x158a ./Peripheral/src/ch32v30x_rcc.o
 .debug_info    0x000000000000cffe     0x2a54 ./Peripheral/src/ch32v30x_tim.o
 .debug_info    0x000000000000fa52     0x13cd ./Peripheral/src/ch32v30x_usart.o
 .debug_info    0x0000000000010e1f      0xf4a ./Debug/debug.o

.debug_abbrev   0x0000000000000000     0x2aeb
 .debug_abbrev  0x0000000000000000      0x293 ./User/adc.o
 .debug_abbrev  0x0000000000000293      0x22c ./User/ch32v30x_it.o
 .debug_abbrev  0x00000000000004bf      0x423 ./User/ch32v30x_usbhs_device.o
 .debug_abbrev  0x00000000000008e2      0x2ed ./User/dma.o
 .debug_abbrev  0x0000000000000bcf      0x36e ./User/main.o
 .debug_abbrev  0x0000000000000f3d      0x2c0 ./User/system_ch32v30x.o
 .debug_abbrev  0x00000000000011fd      0x1c5 ./User/usb_desc.o
 .debug_abbrev  0x00000000000013c2       0x12 ./Startup/startup_ch32v30x_D8C.o
 .debug_abbrev  0x00000000000013d4      0x3a9 ./Peripheral/src/ch32v30x_adc.o
 .debug_abbrev  0x000000000000177d      0x2fd ./Peripheral/src/ch32v30x_dma.o
 .debug_abbrev  0x0000000000001a7a      0x31a ./Peripheral/src/ch32v30x_gpio.o
 .debug_abbrev  0x0000000000001d94      0x351 ./Peripheral/src/ch32v30x_rcc.o
 .debug_abbrev  0x00000000000020e5      0x3ff ./Peripheral/src/ch32v30x_tim.o
 .debug_abbrev  0x00000000000024e4      0x312 ./Peripheral/src/ch32v30x_usart.o
 .debug_abbrev  0x00000000000027f6      0x2f5 ./Debug/debug.o

.debug_aranges  0x0000000000000000      0x970
 .debug_aranges
                0x0000000000000000       0x20 ./User/adc.o
 .debug_aranges
                0x0000000000000020       0x28 ./User/ch32v30x_it.o
 .debug_aranges
                0x0000000000000048       0x50 ./User/ch32v30x_usbhs_device.o
 .debug_aranges
                0x0000000000000098       0x20 ./User/dma.o
 .debug_aranges
                0x00000000000000b8       0x30 ./User/main.o
 .debug_aranges
                0x00000000000000e8       0x28 ./User/system_ch32v30x.o
 .debug_aranges
                0x0000000000000110       0x18 ./User/usb_desc.o
 .debug_aranges
                0x0000000000000128       0x30 ./Startup/startup_ch32v30x_D8C.o
 .debug_aranges
                0x0000000000000158      0x150 ./Peripheral/src/ch32v30x_adc.o
 .debug_aranges
                0x00000000000002a8       0x60 ./Peripheral/src/ch32v30x_dma.o
 .debug_aranges
                0x0000000000000308       0xb0 ./Peripheral/src/ch32v30x_gpio.o
 .debug_aranges
                0x00000000000003b8      0x1a8 ./Peripheral/src/ch32v30x_rcc.o
 .debug_aranges
                0x0000000000000560      0x2d0 ./Peripheral/src/ch32v30x_tim.o
 .debug_aranges
                0x0000000000000830       0xf0 ./Peripheral/src/ch32v30x_usart.o
 .debug_aranges
                0x0000000000000920       0x50 ./Debug/debug.o

.debug_ranges   0x0000000000000000      0x910
 .debug_ranges  0x0000000000000000       0x10 ./User/adc.o
 .debug_ranges  0x0000000000000010       0x18 ./User/ch32v30x_it.o
 .debug_ranges  0x0000000000000028       0x88 ./User/ch32v30x_usbhs_device.o
 .debug_ranges  0x00000000000000b0       0x10 ./User/dma.o
 .debug_ranges  0x00000000000000c0       0x48 ./User/main.o
 .debug_ranges  0x0000000000000108       0x38 ./User/system_ch32v30x.o
 .debug_ranges  0x0000000000000140       0x28 ./Startup/startup_ch32v30x_D8C.o
 .debug_ranges  0x0000000000000168      0x140 ./Peripheral/src/ch32v30x_adc.o
 .debug_ranges  0x00000000000002a8       0x50 ./Peripheral/src/ch32v30x_dma.o
 .debug_ranges  0x00000000000002f8       0xa0 ./Peripheral/src/ch32v30x_gpio.o
 .debug_ranges  0x0000000000000398      0x198 ./Peripheral/src/ch32v30x_rcc.o
 .debug_ranges  0x0000000000000530      0x2c0 ./Peripheral/src/ch32v30x_tim.o
 .debug_ranges  0x00000000000007f0       0xe0 ./Peripheral/src/ch32v30x_usart.o
 .debug_ranges  0x00000000000008d0       0x40 ./Debug/debug.o

.debug_line     0x0000000000000000     0xd9ca
 .debug_line    0x0000000000000000      0x6a0 ./User/adc.o
 .debug_line    0x00000000000006a0      0x2fc ./User/ch32v30x_it.o
 .debug_line    0x000000000000099c     0x1ffc ./User/ch32v30x_usbhs_device.o
 .debug_line    0x0000000000002998      0x440 ./User/dma.o
 .debug_line    0x0000000000002dd8      0x88b ./User/main.o
 .debug_line    0x0000000000003663      0x793 ./User/system_ch32v30x.o
 .debug_line    0x0000000000003df6      0x268 ./User/usb_desc.o
 .debug_line    0x000000000000405e      0x13b ./Startup/startup_ch32v30x_D8C.o
 .debug_line    0x0000000000004199     0x18c6 ./Peripheral/src/ch32v30x_adc.o
 .debug_line    0x0000000000005a5f      0xa2a ./Peripheral/src/ch32v30x_dma.o
 .debug_line    0x0000000000006489     0x12b0 ./Peripheral/src/ch32v30x_gpio.o
 .debug_line    0x0000000000007739     0x19e2 ./Peripheral/src/ch32v30x_rcc.o
 .debug_line    0x000000000000911b     0x31c8 ./Peripheral/src/ch32v30x_tim.o
 .debug_line    0x000000000000c2e3      0xf4f ./Peripheral/src/ch32v30x_usart.o
 .debug_line    0x000000000000d232      0x798 ./Debug/debug.o

.debug_str      0x0000000000000000     0x3b42
 .debug_str     0x0000000000000000      0xc25 ./User/adc.o
                                        0xcbb (size before relaxing)
 .debug_str     0x0000000000000c25       0x9c ./User/ch32v30x_it.o
                                        0x697 (size before relaxing)
 .debug_str     0x0000000000000cc1     0x1084 ./User/ch32v30x_usbhs_device.o
                                       0x17c2 (size before relaxing)
 .debug_str     0x0000000000001d45      0x148 ./User/dma.o
                                        0xdb3 (size before relaxing)
 .debug_str     0x0000000000001e8d      0x10f ./User/main.o
                                       0x13a9 (size before relaxing)
 .debug_str     0x0000000000001f9c      0x100 ./User/system_ch32v30x.o
                                        0x6f3 (size before relaxing)
 .debug_str     0x000000000000209c       0x13 ./User/usb_desc.o
                                        0x64b (size before relaxing)
 .debug_str     0x00000000000020af       0x47 ./Startup/startup_ch32v30x_D8C.o
                                         0x85 (size before relaxing)
 .debug_str     0x00000000000020f6      0x40a ./Peripheral/src/ch32v30x_adc.o
                                        0xc4c (size before relaxing)
 .debug_str     0x0000000000002500       0xc9 ./Peripheral/src/ch32v30x_dma.o
                                        0x81e (size before relaxing)
 .debug_str     0x00000000000025c9      0x24f ./Peripheral/src/ch32v30x_gpio.o
                                        0x9db (size before relaxing)
 .debug_str     0x0000000000002818      0x539 ./Peripheral/src/ch32v30x_rcc.o
                                        0xd0a (size before relaxing)
 .debug_str     0x0000000000002d51      0x94c ./Peripheral/src/ch32v30x_tim.o
                                       0x12b9 (size before relaxing)
 .debug_str     0x000000000000369d      0x3fb ./Peripheral/src/ch32v30x_usart.o
                                        0xb25 (size before relaxing)
 .debug_str     0x0000000000003a98       0xaa ./Debug/debug.o
                                        0x94c (size before relaxing)

.comment        0x0000000000000000       0x33
 .comment       0x0000000000000000       0x33 ./User/adc.o
                                         0x34 (size before relaxing)
 .comment       0x0000000000000033       0x34 ./User/ch32v30x_it.o
 .comment       0x0000000000000033       0x34 ./User/ch32v30x_usbhs_device.o
 .comment       0x0000000000000033       0x34 ./User/dma.o
 .comment       0x0000000000000033       0x34 ./User/main.o
 .comment       0x0000000000000033       0x34 ./User/system_ch32v30x.o
 .comment       0x0000000000000033       0x34 ./User/usb_desc.o
 .comment       0x0000000000000033       0x34 ./Peripheral/src/ch32v30x_adc.o
 .comment       0x0000000000000033       0x34 ./Peripheral/src/ch32v30x_dma.o
 .comment       0x0000000000000033       0x34 ./Peripheral/src/ch32v30x_gpio.o
 .comment       0x0000000000000033       0x34 ./Peripheral/src/ch32v30x_rcc.o
 .comment       0x0000000000000033       0x34 ./Peripheral/src/ch32v30x_tim.o
 .comment       0x0000000000000033       0x34 ./Peripheral/src/ch32v30x_usart.o
 .comment       0x0000000000000033       0x34 ./Debug/debug.o

.debug_frame    0x0000000000000000     0x1c58
 .debug_frame   0x0000000000000000       0x3c ./User/adc.o
 .debug_frame   0x000000000000003c       0x30 ./User/ch32v30x_it.o
 .debug_frame   0x000000000000006c       0xe8 ./User/ch32v30x_usbhs_device.o
 .debug_frame   0x0000000000000154       0x34 ./User/dma.o
 .debug_frame   0x0000000000000188       0x6c ./User/main.o
 .debug_frame   0x00000000000001f4       0x3c ./User/system_ch32v30x.o
 .debug_frame   0x0000000000000230      0x2b4 ./Peripheral/src/ch32v30x_adc.o
 .debug_frame   0x00000000000004e4       0xd8 ./Peripheral/src/ch32v30x_dma.o
 .debug_frame   0x00000000000005bc      0x174 ./Peripheral/src/ch32v30x_gpio.o
 .debug_frame   0x0000000000000730      0x344 ./Peripheral/src/ch32v30x_rcc.o
 .debug_frame   0x0000000000000a74      0x614 ./Peripheral/src/ch32v30x_tim.o
 .debug_frame   0x0000000000001088      0x1e4 ./Peripheral/src/ch32v30x_usart.o
 .debug_frame   0x000000000000126c       0xb8 ./Debug/debug.o
 .debug_frame   0x0000000000001324       0x20 e:/mounriver_studio2/resources/app/resources/win32/components/wch/toolchain/risc-v embedded gcc/bin/../lib/gcc/riscv-none-embed/8.2.0/../../../../riscv-none-embed/lib/rv32imacxw/ilp32\libg_nano.a(lib_a-memcpy.o)
 .debug_frame   0x0000000000001344       0x54 e:/mounriver_studio2/resources/app/resources/win32/components/wch/toolchain/risc-v embedded gcc/bin/../lib/gcc/riscv-none-embed/8.2.0/../../../../riscv-none-embed/lib/rv32imacxw/ilp32\libg_nano.a(lib_a-printf.o)
 .debug_frame   0x0000000000001398       0x54 e:/mounriver_studio2/resources/app/resources/win32/components/wch/toolchain/risc-v embedded gcc/bin/../lib/gcc/riscv-none-embed/8.2.0/../../../../riscv-none-embed/lib/rv32imacxw/ilp32\libg_nano.a(lib_a-puts.o)
 .debug_frame   0x00000000000013ec       0x50 e:/mounriver_studio2/resources/app/resources/win32/components/wch/toolchain/risc-v embedded gcc/bin/../lib/gcc/riscv-none-embed/8.2.0/../../../../riscv-none-embed/lib/rv32imacxw/ilp32\libg_nano.a(lib_a-wbuf.o)
 .debug_frame   0x000000000000143c       0x3c e:/mounriver_studio2/resources/app/resources/win32/components/wch/toolchain/risc-v embedded gcc/bin/../lib/gcc/riscv-none-embed/8.2.0/../../../../riscv-none-embed/lib/rv32imacxw/ilp32\libg_nano.a(lib_a-wsetup.o)
 .debug_frame   0x0000000000001478       0x7c e:/mounriver_studio2/resources/app/resources/win32/components/wch/toolchain/risc-v embedded gcc/bin/../lib/gcc/riscv-none-embed/8.2.0/../../../../riscv-none-embed/lib/rv32imacxw/ilp32\libg_nano.a(lib_a-fflush.o)
 .debug_frame   0x00000000000014f4      0x148 e:/mounriver_studio2/resources/app/resources/win32/components/wch/toolchain/risc-v embedded gcc/bin/../lib/gcc/riscv-none-embed/8.2.0/../../../../riscv-none-embed/lib/rv32imacxw/ilp32\libg_nano.a(lib_a-findfp.o)
 .debug_frame   0x000000000000163c       0x88 e:/mounriver_studio2/resources/app/resources/win32/components/wch/toolchain/risc-v embedded gcc/bin/../lib/gcc/riscv-none-embed/8.2.0/../../../../riscv-none-embed/lib/rv32imacxw/ilp32\libg_nano.a(lib_a-fwalk.o)
 .debug_frame   0x00000000000016c4       0x64 e:/mounriver_studio2/resources/app/resources/win32/components/wch/toolchain/risc-v embedded gcc/bin/../lib/gcc/riscv-none-embed/8.2.0/../../../../riscv-none-embed/lib/rv32imacxw/ilp32\libg_nano.a(lib_a-makebuf.o)
 .debug_frame   0x0000000000001728       0x40 e:/mounriver_studio2/resources/app/resources/win32/components/wch/toolchain/risc-v embedded gcc/bin/../lib/gcc/riscv-none-embed/8.2.0/../../../../riscv-none-embed/lib/rv32imacxw/ilp32\libg_nano.a(lib_a-nano-freer.o)
 .debug_frame   0x0000000000001768       0x40 e:/mounriver_studio2/resources/app/resources/win32/components/wch/toolchain/risc-v embedded gcc/bin/../lib/gcc/riscv-none-embed/8.2.0/../../../../riscv-none-embed/lib/rv32imacxw/ilp32\libg_nano.a(lib_a-nano-mallocr.o)
 .debug_frame   0x00000000000017a8       0xd0 e:/mounriver_studio2/resources/app/resources/win32/components/wch/toolchain/risc-v embedded gcc/bin/../lib/gcc/riscv-none-embed/8.2.0/../../../../riscv-none-embed/lib/rv32imacxw/ilp32\libg_nano.a(lib_a-nano-vfprintf.o)
 .debug_frame   0x0000000000001878       0x8c e:/mounriver_studio2/resources/app/resources/win32/components/wch/toolchain/risc-v embedded gcc/bin/../lib/gcc/riscv-none-embed/8.2.0/../../../../riscv-none-embed/lib/rv32imacxw/ilp32\libg_nano.a(lib_a-nano-vfprintf_i.o)
 .debug_frame   0x0000000000001904       0x30 e:/mounriver_studio2/resources/app/resources/win32/components/wch/toolchain/risc-v embedded gcc/bin/../lib/gcc/riscv-none-embed/8.2.0/../../../../riscv-none-embed/lib/rv32imacxw/ilp32\libg_nano.a(lib_a-sbrkr.o)
 .debug_frame   0x0000000000001934       0xa4 e:/mounriver_studio2/resources/app/resources/win32/components/wch/toolchain/risc-v embedded gcc/bin/../lib/gcc/riscv-none-embed/8.2.0/../../../../riscv-none-embed/lib/rv32imacxw/ilp32\libg_nano.a(lib_a-stdio.o)
 .debug_frame   0x00000000000019d8       0x30 e:/mounriver_studio2/resources/app/resources/win32/components/wch/toolchain/risc-v embedded gcc/bin/../lib/gcc/riscv-none-embed/8.2.0/../../../../riscv-none-embed/lib/rv32imacxw/ilp32\libg_nano.a(lib_a-writer.o)
 .debug_frame   0x0000000000001a08       0x30 e:/mounriver_studio2/resources/app/resources/win32/components/wch/toolchain/risc-v embedded gcc/bin/../lib/gcc/riscv-none-embed/8.2.0/../../../../riscv-none-embed/lib/rv32imacxw/ilp32\libg_nano.a(lib_a-closer.o)
 .debug_frame   0x0000000000001a38       0x30 e:/mounriver_studio2/resources/app/resources/win32/components/wch/toolchain/risc-v embedded gcc/bin/../lib/gcc/riscv-none-embed/8.2.0/../../../../riscv-none-embed/lib/rv32imacxw/ilp32\libg_nano.a(lib_a-fstatr.o)
 .debug_frame   0x0000000000001a68       0x30 e:/mounriver_studio2/resources/app/resources/win32/components/wch/toolchain/risc-v embedded gcc/bin/../lib/gcc/riscv-none-embed/8.2.0/../../../../riscv-none-embed/lib/rv32imacxw/ilp32\libg_nano.a(lib_a-isattyr.o)
 .debug_frame   0x0000000000001a98       0x30 e:/mounriver_studio2/resources/app/resources/win32/components/wch/toolchain/risc-v embedded gcc/bin/../lib/gcc/riscv-none-embed/8.2.0/../../../../riscv-none-embed/lib/rv32imacxw/ilp32\libg_nano.a(lib_a-lseekr.o)
 .debug_frame   0x0000000000001ac8       0x20 e:/mounriver_studio2/resources/app/resources/win32/components/wch/toolchain/risc-v embedded gcc/bin/../lib/gcc/riscv-none-embed/8.2.0/../../../../riscv-none-embed/lib/rv32imacxw/ilp32\libg_nano.a(lib_a-memchr.o)
 .debug_frame   0x0000000000001ae8       0x30 e:/mounriver_studio2/resources/app/resources/win32/components/wch/toolchain/risc-v embedded gcc/bin/../lib/gcc/riscv-none-embed/8.2.0/../../../../riscv-none-embed/lib/rv32imacxw/ilp32\libg_nano.a(lib_a-mlock.o)
 .debug_frame   0x0000000000001b18       0x30 e:/mounriver_studio2/resources/app/resources/win32/components/wch/toolchain/risc-v embedded gcc/bin/../lib/gcc/riscv-none-embed/8.2.0/../../../../riscv-none-embed/lib/rv32imacxw/ilp32\libg_nano.a(lib_a-readr.o)
 .debug_frame   0x0000000000001b48       0x70 e:/mounriver_studio2/resources/app/resources/win32/components/wch/toolchain/risc-v embedded gcc/bin/../lib/gcc/riscv-none-embed/8.2.0/../../../../riscv-none-embed/lib/rv32imacxw/ilp32\libg_nano.a(lib_a-reent.o)
 .debug_frame   0x0000000000001bb8       0x20 e:/mounriver_studio2/resources/app/resources/win32/components/wch/toolchain/risc-v embedded gcc/bin/../lib/gcc/riscv-none-embed/8.2.0/../../../../riscv-none-embed/lib/rv32imacxw/ilp32\libnosys.a(close.o)
 .debug_frame   0x0000000000001bd8       0x20 e:/mounriver_studio2/resources/app/resources/win32/components/wch/toolchain/risc-v embedded gcc/bin/../lib/gcc/riscv-none-embed/8.2.0/../../../../riscv-none-embed/lib/rv32imacxw/ilp32\libnosys.a(fstat.o)
 .debug_frame   0x0000000000001bf8       0x20 e:/mounriver_studio2/resources/app/resources/win32/components/wch/toolchain/risc-v embedded gcc/bin/../lib/gcc/riscv-none-embed/8.2.0/../../../../riscv-none-embed/lib/rv32imacxw/ilp32\libnosys.a(isatty.o)
 .debug_frame   0x0000000000001c18       0x20 e:/mounriver_studio2/resources/app/resources/win32/components/wch/toolchain/risc-v embedded gcc/bin/../lib/gcc/riscv-none-embed/8.2.0/../../../../riscv-none-embed/lib/rv32imacxw/ilp32\libnosys.a(lseek.o)
 .debug_frame   0x0000000000001c38       0x20 e:/mounriver_studio2/resources/app/resources/win32/components/wch/toolchain/risc-v embedded gcc/bin/../lib/gcc/riscv-none-embed/8.2.0/../../../../riscv-none-embed/lib/rv32imacxw/ilp32\libnosys.a(read.o)

.debug_loc      0x0000000000000000     0x452d
 .debug_loc     0x0000000000000000      0x42d ./User/ch32v30x_usbhs_device.o
 .debug_loc     0x000000000000042d       0x14 ./User/dma.o
 .debug_loc     0x0000000000000441       0x15 ./User/main.o
 .debug_loc     0x0000000000000456       0xda ./User/system_ch32v30x.o
 .debug_loc     0x0000000000000530      0xab6 ./Peripheral/src/ch32v30x_adc.o
 .debug_loc     0x0000000000000fe6      0x19a ./Peripheral/src/ch32v30x_dma.o
 .debug_loc     0x0000000000001180      0x72b ./Peripheral/src/ch32v30x_gpio.o
 .debug_loc     0x00000000000018ab      0xadb ./Peripheral/src/ch32v30x_rcc.o
 .debug_loc     0x0000000000002386     0x18b7 ./Peripheral/src/ch32v30x_tim.o
 .debug_loc     0x0000000000003c3d      0x779 ./Peripheral/src/ch32v30x_usart.o
 .debug_loc     0x00000000000043b6      0x177 ./Debug/debug.o

.stab           0x0000000000000000       0x84
 .stab          0x0000000000000000       0x24 e:/mounriver_studio2/resources/app/resources/win32/components/wch/toolchain/risc-v embedded gcc/bin/../lib/gcc/riscv-none-embed/8.2.0/../../../../riscv-none-embed/lib/rv32imacxw/ilp32\libnosys.a(close.o)
 .stab          0x0000000000000024       0x18 e:/mounriver_studio2/resources/app/resources/win32/components/wch/toolchain/risc-v embedded gcc/bin/../lib/gcc/riscv-none-embed/8.2.0/../../../../riscv-none-embed/lib/rv32imacxw/ilp32\libnosys.a(fstat.o)
                                         0x24 (size before relaxing)
 .stab          0x000000000000003c       0x18 e:/mounriver_studio2/resources/app/resources/win32/components/wch/toolchain/risc-v embedded gcc/bin/../lib/gcc/riscv-none-embed/8.2.0/../../../../riscv-none-embed/lib/rv32imacxw/ilp32\libnosys.a(isatty.o)
                                         0x24 (size before relaxing)
 .stab          0x0000000000000054       0x18 e:/mounriver_studio2/resources/app/resources/win32/components/wch/toolchain/risc-v embedded gcc/bin/../lib/gcc/riscv-none-embed/8.2.0/../../../../riscv-none-embed/lib/rv32imacxw/ilp32\libnosys.a(lseek.o)
                                         0x24 (size before relaxing)
 .stab          0x000000000000006c       0x18 e:/mounriver_studio2/resources/app/resources/win32/components/wch/toolchain/risc-v embedded gcc/bin/../lib/gcc/riscv-none-embed/8.2.0/../../../../riscv-none-embed/lib/rv32imacxw/ilp32\libnosys.a(read.o)
                                         0x24 (size before relaxing)

.stabstr        0x0000000000000000      0x117
 .stabstr       0x0000000000000000      0x117 e:/mounriver_studio2/resources/app/resources/win32/components/wch/toolchain/risc-v embedded gcc/bin/../lib/gcc/riscv-none-embed/8.2.0/../../../../riscv-none-embed/lib/rv32imacxw/ilp32\libnosys.a(close.o)
